// Jest Snapshot v1, https://goo.gl/fbAQLP

exports[`test cases for CountryContainer create snapshots 1`] = `
<div>
  <div
    class="country-container"
  >
    <div
      class="ant-row"
    >
      <div
        class="ant-col ant-col-18"
      >
        <div
          class="ant-row"
        >
          <div
            class="ant-col ant-col-4"
            style="cursor: pointer;"
          >
            <svg
              class="favorite-notFilled"
            >
              Star.svg
            </svg>
          </div>
          <div
            class="ant-col ant-col-20"
            style="white-space: nowrap; overflow: hidden; text-overflow: ellipsis;"
          >
            <span
              class="ant-typography patient-segment-title"
            >
              Country not found
            </span>
          </div>
        </div>
      </div>
      <div
        class="ant-col ant-col-6"
      >
        <div
          class="ant-row"
          style="align-items: flex-end;"
        >
          <div
            class="ant-col ant-col-14 country-container-no-of-patients"
          >
            0
          </div>
          <div
            class="ant-col ant-col-10"
            style="cursor: pointer;"
          >
            <span
              aria-label="plus"
              class="anticon anticon-plus Pluse-Icon"
              role="img"
              tabindex="-1"
            >
              <svg
                aria-hidden="true"
                data-icon="plus"
                fill="currentColor"
                focusable="false"
                height="1em"
                viewBox="64 64 896 896"
                width="1em"
              >
                <defs>
                  <style />
                </defs>
                <path
                  d="M482 152h60q8 0 8 8v704q0 8-8 8h-60q-8 0-8-8V160q0-8 8-8z"
                />
                <path
                  d="M176 474h672q8 0 8 8v60q0 8-8 8H176q-8 0-8-8v-60q0-8 8-8z"
                />
              </svg>
            </span>
          </div>
        </div>
      </div>
    </div>
  </div>
</div>
`;
