// Jest Snapshot v1, https://goo.gl/fbAQLP

exports[`ForgotPassword component tests Snapshot test 1`] = `
<div>
  <div
    class="forgot-password-component"
  >
    <div
      class="forgot-password-component-logo"
    >
      <svg>
        WhyzeLogo.svg
      </svg>
      WHYZE
    </div>
    <div
      class="forgot-password-component-title"
    >
      Forgot Password
    </div>
    <div
      class="forgot-password-component-description"
    >
      Enter your email below and we will send you a reset email.
    </div>
    <div
      class="forgot-password-component-input-box"
    >
      <div
        id="main_textbox"
      >
        <span
          class="ant-typography input-lable"
        >
          Email
        </span>
        <input
          class="ant-input"
          data-testid="main_textbox"
          name="email"
          placeholder=""
          style="border-radius: 0px;"
          type="text"
          value=""
        />
      </div>
    </div>
    <div
      class="forgot-password-component-button-group"
    >
      <button
        class="ant-btn ant-btn-default ant-btn-lg"
        type="button"
      >
        <span>
          Send Reset Link
        </span>
      </button>
    </div>
    <div
      class="forgot-password-component-setup-acc"
    >
      Didn’t receive it ? Please try again
    </div>
    <div
      class="forgot-password-component-backto-login"
    >
      <h3>
        Back To
         
        <a>
          Login
        </a>
      </h3>
    </div>
  </div>
</div>
`;
